This is pdfTeX, Version 3.141592653-2.6-1.40.25 (MiKTeX 24.1) (preloaded format=pdflatex 2025.12.8)  8 DEC 2025 11:43
entering extended mode
 restricted \write18 enabled.
 %&-line parsing enabled.
**./samplepaper.tex
(samplepaper.tex
LaTeX2e <2023-11-01> patch level 1
L3 programming layer <2024-01-04>
(llncs.cls
Document Class: llncs 2024/01/29 v2.24 
 LaTeX document class for Lecture Notes in Computer Science
(D:\Applications\MiKTeX\tex/latex/base\article.cls
Document Class: article 2023/05/17 v1.4n Standard LaTeX document class
(D:\Applications\MiKTeX\tex/latex/base\size10.clo
File: size10.clo 2023/05/17 v1.4n Standard LaTeX file (size option)
)
\c@part=\count187
\c@section=\count188
\c@subsection=\count189
\c@subsubsection=\count190
\c@paragraph=\count191
\c@subparagraph=\count192
\c@figure=\count193
\c@table=\count194
\abovecaptionskip=\skip48
\belowcaptionskip=\skip49
\bibindent=\dimen140
)
(D:\Applications\MiKTeX\tex/latex/tools\multicol.sty
Package: multicol 2023/03/30 v1.9f multicolumn formatting (FMi)
\c@tracingmulticols=\count195
\mult@box=\box51
\multicol@leftmargin=\dimen141
\c@unbalance=\count196
\c@collectmore=\count197
\doublecol@number=\count198
\multicoltolerance=\count199
\multicolpretolerance=\count266
\full@width=\dimen142
\page@free=\dimen143
\premulticols=\dimen144
\postmulticols=\dimen145
\multicolsep=\skip50
\multicolbaselineskip=\skip51
\partial@page=\box52
\last@line=\box53
\mc@boxedresult=\box54
\maxbalancingoverflow=\dimen146
\mult@rightbox=\box55
\mult@grightbox=\box56
\mult@firstbox=\box57
\mult@gfirstbox=\box58
\@tempa=\box59
\@tempa=\box60
\@tempa=\box61
\@tempa=\box62
\@tempa=\box63
\@tempa=\box64
\@tempa=\box65
\@tempa=\box66
\@tempa=\box67
\@tempa=\box68
\@tempa=\box69
\@tempa=\box70
\@tempa=\box71
\@tempa=\box72
\@tempa=\box73
\@tempa=\box74
\@tempa=\box75
\@tempa=\box76
\@tempa=\box77
\@tempa=\box78
\@tempa=\box79
\@tempa=\box80
\@tempa=\box81
\@tempa=\box82
\@tempa=\box83
\@tempa=\box84
\@tempa=\box85
\@tempa=\box86
\@tempa=\box87
\@tempa=\box88
\@tempa=\box89
\@tempa=\box90
\@tempa=\box91
\@tempa=\box92
\@tempa=\box93
\@tempa=\box94
\c@minrows=\count267
\c@columnbadness=\count268
\c@finalcolumnbadness=\count269
\last@try=\dimen147
\multicolovershoot=\dimen148
\multicolundershoot=\dimen149
\mult@nat@firstbox=\box95
\colbreak@box=\box96
\mc@col@check@num=\count270
)
(D:\Applications\MiKTeX\tex/latex/oberdiek\aliascnt.sty
Package: aliascnt 2018/09/07 v1.5 Alias counters (HO)
)
\c@chapter=\count271
LaTeX Font Info:    Redeclaring math symbol \Gamma on input line 379.
LaTeX Font Info:    Redeclaring math symbol \Delta on input line 380.
LaTeX Font Info:    Redeclaring math symbol \Theta on input line 381.
LaTeX Font Info:    Redeclaring math symbol \Lambda on input line 382.
LaTeX Font Info:    Redeclaring math symbol \Xi on input line 383.
LaTeX Font Info:    Redeclaring math symbol \Pi on input line 384.
LaTeX Font Info:    Redeclaring math symbol \Sigma on input line 385.
LaTeX Font Info:    Redeclaring math symbol \Upsilon on input line 386.
LaTeX Font Info:    Redeclaring math symbol \Phi on input line 387.
LaTeX Font Info:    Redeclaring math symbol \Psi on input line 388.
LaTeX Font Info:    Redeclaring math symbol \Omega on input line 389.
LaTeX Info: Redefining \vec on input line 394.
\tocchpnum=\dimen150
\tocsecnum=\dimen151
\tocsectotal=\dimen152
\tocsubsecnum=\dimen153
\tocsubsectotal=\dimen154
\tocsubsubsecnum=\dimen155
\tocsubsubsectotal=\dimen156
\tocparanum=\dimen157
\tocparatotal=\dimen158
\tocsubparanum=\dimen159
\@tempcntc=\count272
\fnindent=\dimen160
\c@@inst=\count273
\c@@auth=\count274
\c@auco=\count275
\instindent=\dimen161
\authrun=\box97
\authorrunning=\toks17
\tocauthor=\toks18
\titrun=\box98
\titlerunning=\toks19
\toctitle=\toks20
\c@theorem=\count276
\c@case=\count277
\c@conjecture=\count278
\c@corollary=\count279
\c@definition=\count280
\c@example=\count281
\c@exercise=\count282
\c@lemma=\count283
\c@note=\count284
\c@problem=\count285
\c@property=\count286
\c@proposition=\count287
\c@question=\count288
\c@solution=\count289
\c@remark=\count290
\headlineindent=\dimen162
)
(D:\Applications\MiKTeX\tex/latex/geometry\geometry.sty
Package: geometry 2020/01/02 v5.9 Page Geometry

(D:\Applications\MiKTeX\tex/latex/graphics\keyval.sty
Package: keyval 2022/05/29 v1.15 key=value parser (DPC)
\KV@toks@=\toks21
)
(D:\Applications\MiKTeX\tex/generic/iftex\ifvtex.sty
Package: ifvtex 2019/10/25 v1.7 ifvtex legacy package. Use iftex instead.

(D:\Applications\MiKTeX\tex/generic/iftex\iftex.sty
Package: iftex 2022/02/03 v1.0f TeX engine tests
))
\Gm@cnth=\count291
\Gm@cntv=\count292
\c@Gm@tempcnt=\count293
\Gm@bindingoffset=\dimen163
\Gm@wd@mp=\dimen164
\Gm@odd@mp=\dimen165
\Gm@even@mp=\dimen166
\Gm@layoutwidth=\dimen167
\Gm@layoutheight=\dimen168
\Gm@layouthoffset=\dimen169
\Gm@layoutvoffset=\dimen170
\Gm@dimlist=\toks22

(D:\Applications\MiKTeX\tex/latex/geometry\geometry.cfg))
(D:\Applications\MiKTeX\tex/latex/cite\cite.sty
LaTeX Info: Redefining \cite on input line 302.
LaTeX Info: Redefining \nocite on input line 332.
Package: cite 2015/02/27  v 5.5
)
(D:\Applications\MiKTeX\tex/latex/base\fontenc.sty
Package: fontenc 2021/04/29 v2.0v Standard LaTeX package
)
(D:\Applications\MiKTeX\tex/latex/amsfonts\amsfonts.sty
Package: amsfonts 2013/01/14 v3.01 Basic AMSFonts support
\@emptytoks=\toks23
\symAMSa=\mathgroup4
\symAMSb=\mathgroup5
LaTeX Font Info:    Redeclaring math symbol \hbar on input line 98.
LaTeX Font Info:    Overwriting math alphabet `\mathfrak' in version `bold'
(Font)                  U/euf/m/n --> U/euf/b/n on input line 106.
)
(D:\Applications\MiKTeX\tex/latex/amsmath\amsmath.sty
Package: amsmath 2023/05/13 v2.17o AMS math features
\@mathmargin=\skip52

For additional information on amsmath, use the `?' option.
(D:\Applications\MiKTeX\tex/latex/amsmath\amstext.sty
Package: amstext 2021/08/26 v2.01 AMS text

(D:\Applications\MiKTeX\tex/latex/amsmath\amsgen.sty
File: amsgen.sty 1999/11/30 v2.0 generic functions
\@emptytoks=\toks24
\ex@=\dimen171
))
(D:\Applications\MiKTeX\tex/latex/amsmath\amsbsy.sty
Package: amsbsy 1999/11/29 v1.2d Bold Symbols
\pmbraise@=\dimen172
)
(D:\Applications\MiKTeX\tex/latex/amsmath\amsopn.sty
Package: amsopn 2022/04/08 v2.04 operator names
)
\inf@bad=\count294
LaTeX Info: Redefining \frac on input line 234.
\uproot@=\count295
\leftroot@=\count296
LaTeX Info: Redefining \overline on input line 399.
LaTeX Info: Redefining \colon on input line 410.
\classnum@=\count297
\DOTSCASE@=\count298
LaTeX Info: Redefining \ldots on input line 496.
LaTeX Info: Redefining \dots on input line 499.
LaTeX Info: Redefining \cdots on input line 620.
\Mathstrutbox@=\box99
\strutbox@=\box100
LaTeX Info: Redefining \big on input line 722.
LaTeX Info: Redefining \Big on input line 723.
LaTeX Info: Redefining \bigg on input line 724.
LaTeX Info: Redefining \Bigg on input line 725.
\big@size=\dimen173
LaTeX Font Info:    Redeclaring font encoding OML on input line 743.
LaTeX Font Info:    Redeclaring font encoding OMS on input line 744.


Package amsmath Warning: Unable to redefine math accent \vec.

\macc@depth=\count299
LaTeX Info: Redefining \bmod on input line 905.
LaTeX Info: Redefining \pmod on input line 910.
LaTeX Info: Redefining \smash on input line 940.
LaTeX Info: Redefining \relbar on input line 970.
LaTeX Info: Redefining \Relbar on input line 971.
\c@MaxMatrixCols=\count300
\dotsspace@=\muskip16
\c@parentequation=\count301
\dspbrk@lvl=\count302
\tag@help=\toks25
\row@=\count303
\column@=\count304
\maxfields@=\count305
\andhelp@=\toks26
\eqnshift@=\dimen174
\alignsep@=\dimen175
\tagshift@=\dimen176
\tagwidth@=\dimen177
\totwidth@=\dimen178
\lineht@=\dimen179
\@envbody=\toks27
\multlinegap=\skip53
\multlinetaggap=\skip54
\mathdisplay@stack=\toks28
LaTeX Info: Redefining \[ on input line 2953.
LaTeX Info: Redefining \] on input line 2954.
) (D:\Applications\MiKTeX\tex/latex/amsfonts\amssymb.sty
Package: amssymb 2013/01/14 v3.01 AMS font symbols
)
(C:\Users\LENOVO\AppData\Roaming\MiKTeX\tex/latex/algorithms\algorithmic.sty
Package: algorithmic 2009/08/24 v0.1 Document Style `algorithmic'

(D:\Applications\MiKTeX\tex/latex/base\ifthen.sty
Package: ifthen 2022/04/13 v1.1d Standard LaTeX ifthen package (DPC)
)
\c@ALC@unique=\count306
\c@ALC@line=\count307
\c@ALC@rem=\count308
\c@ALC@depth=\count309
\ALC@tlm=\skip55
\algorithmicindent=\skip56
)
(D:\Applications\MiKTeX\tex/latex/graphics\graphicx.sty
Package: graphicx 2021/09/16 v1.2d Enhanced LaTeX Graphics (DPC,SPQR)

(D:\Applications\MiKTeX\tex/latex/graphics\graphics.sty
Package: graphics 2022/03/10 v1.4e Standard LaTeX Graphics (DPC,SPQR)

(D:\Applications\MiKTeX\tex/latex/graphics\trig.sty
Package: trig 2021/08/11 v1.11 sin cos tan (DPC)
)
(D:\Applications\MiKTeX\tex/latex/graphics-cfg\graphics.cfg
File: graphics.cfg 2016/06/04 v1.11 sample graphics configuration
)
Package graphics Info: Driver file: pdftex.def on input line 107.

(D:\Applications\MiKTeX\tex/latex/graphics-def\pdftex.def
File: pdftex.def 2022/09/22 v1.2b Graphics/color driver for pdftex
))
\Gin@req@height=\dimen180
\Gin@req@width=\dimen181
)
(D:\Applications\MiKTeX\tex/latex/base\textcomp.sty
Package: textcomp 2020/02/02 v2.0n Standard LaTeX package
)
(D:\Applications\MiKTeX\tex/latex/xcolor\xcolor.sty
Package: xcolor 2023/11/15 v3.01 LaTeX color extensions (UK)

(D:\Applications\MiKTeX\tex/latex/graphics-cfg\color.cfg
File: color.cfg 2016/01/02 v1.6 sample color configuration
)
Package xcolor Info: Driver file: pdftex.def on input line 274.

(D:\Applications\MiKTeX\tex/latex/graphics\mathcolor.ltx)
Package xcolor Info: Model `cmy' substituted by `cmy0' on input line 1350.
Package xcolor Info: Model `hsb' substituted by `rgb' on input line 1354.
Package xcolor Info: Model `RGB' extended on input line 1366.
Package xcolor Info: Model `HTML' substituted by `rgb' on input line 1368.
Package xcolor Info: Model `Hsb' substituted by `hsb' on input line 1369.
Package xcolor Info: Model `tHsb' substituted by `hsb' on input line 1370.
Package xcolor Info: Model `HSB' substituted by `hsb' on input line 1371.
Package xcolor Info: Model `Gray' substituted by `gray' on input line 1372.
Package xcolor Info: Model `wave' substituted by `hsb' on input line 1373.
)
(D:\Applications\MiKTeX\tex/latex/koma-script\scrextend.sty
Package: scrextend 2025/09/09 v3.48 KOMA-Script package (extend other classes w
ith features of KOMA-Script classes)

(D:\Applications\MiKTeX\tex/latex/koma-script\scrkbase.sty
Package: scrkbase 2025/09/09 v3.48 KOMA-Script package (KOMA-Script-dependent b
asics and keyval usage)

(D:\Applications\MiKTeX\tex/latex/koma-script\scrbase.sty
Package: scrbase 2025/09/09 v3.48 KOMA-Script package (KOMA-Script-independent 
basics and keyval usage)

(D:\Applications\MiKTeX\tex/latex/koma-script\scrlfile.sty
Package: scrlfile 2025/09/09 v3.48 KOMA-Script package (file load hooks)

(D:\Applications\MiKTeX\tex/latex/koma-script\scrlfile-hook.sty
Package: scrlfile-hook 2025/09/09 v3.48 KOMA-Script package (using LaTeX hooks)


(D:\Applications\MiKTeX\tex/latex/koma-script\scrlogo.sty
Package: scrlogo 2025/09/09 v3.48 KOMA-Script package (logo)
)))
Applying: [2021/05/01] Usage of raw or classic option list on input line 254.
Already applied: [0000/00/00] Usage of raw or classic option list on input line
 370.
)))
(D:\Applications\MiKTeX\tex/latex/base\inputenc.sty
Package: inputenc 2021/02/14 v1.3d Input encoding file
\inpenc@prehook=\toks29
\inpenc@posthook=\toks30
)
(D:\Applications\MiKTeX\tex/latex/base\fontenc.sty
Package: fontenc 2021/04/29 v2.0v Standard LaTeX package
)
(D:\Applications\MiKTeX\tex/latex/lm\lmodern.sty
Package: lmodern 2015/05/01 v1.6.1 Latin Modern Fonts
LaTeX Font Info:    Overwriting symbol font `operators' in version `normal'
(Font)                  OT1/cmr/m/n --> OT1/lmr/m/n on input line 22.
LaTeX Font Info:    Overwriting symbol font `letters' in version `normal'
(Font)                  OML/cmm/m/it --> OML/lmm/m/it on input line 23.
LaTeX Font Info:    Overwriting symbol font `symbols' in version `normal'
(Font)                  OMS/cmsy/m/n --> OMS/lmsy/m/n on input line 24.
LaTeX Font Info:    Overwriting symbol font `largesymbols' in version `normal'
(Font)                  OMX/cmex/m/n --> OMX/lmex/m/n on input line 25.
LaTeX Font Info:    Overwriting symbol font `operators' in version `bold'
(Font)                  OT1/cmr/bx/n --> OT1/lmr/bx/n on input line 26.
LaTeX Font Info:    Overwriting symbol font `letters' in version `bold'
(Font)                  OML/cmm/b/it --> OML/lmm/b/it on input line 27.
LaTeX Font Info:    Overwriting symbol font `symbols' in version `bold'
(Font)                  OMS/cmsy/b/n --> OMS/lmsy/b/n on input line 28.
LaTeX Font Info:    Overwriting symbol font `largesymbols' in version `bold'
(Font)                  OMX/cmex/m/n --> OMX/lmex/m/n on input line 29.
LaTeX Font Info:    Overwriting math alphabet `\mathbf' in version `normal'
(Font)                  OT1/cmr/bx/n --> OT1/lmr/bx/n on input line 31.
LaTeX Font Info:    Overwriting math alphabet `\mathsf' in version `normal'
(Font)                  OT1/cmss/m/n --> OT1/lmss/m/n on input line 32.
LaTeX Font Info:    Overwriting math alphabet `\mathit' in version `normal'
(Font)                  OT1/cmr/m/it --> OT1/lmr/m/it on input line 33.
LaTeX Font Info:    Overwriting math alphabet `\mathtt' in version `normal'
(Font)                  OT1/cmtt/m/n --> OT1/lmtt/m/n on input line 34.
LaTeX Font Info:    Overwriting math alphabet `\mathbf' in version `bold'
(Font)                  OT1/cmr/bx/n --> OT1/lmr/bx/n on input line 35.
LaTeX Font Info:    Overwriting math alphabet `\mathsf' in version `bold'
(Font)                  OT1/cmss/bx/n --> OT1/lmss/bx/n on input line 36.
LaTeX Font Info:    Overwriting math alphabet `\mathit' in version `bold'
(Font)                  OT1/cmr/bx/it --> OT1/lmr/bx/it on input line 37.
LaTeX Font Info:    Overwriting math alphabet `\mathtt' in version `bold'
(Font)                  OT1/cmtt/m/n --> OT1/lmtt/m/n on input line 38.
)
LaTeX Font Info:    Trying to load font information for T1+lmr on input line 40
.

(D:\Applications\MiKTeX\tex/latex/lm\t1lmr.fd
File: t1lmr.fd 2015/05/01 v1.6.1 Font defs for Latin Modern
)
(D:\Applications\MiKTeX\tex/latex/l3backend\l3backend-pdftex.def
File: l3backend-pdftex.def 2024-01-04 L3 backend support: PDF output (pdfTeX)
\l__color_backend_stack_int=\count310
\l__pdf_internal_box=\box101
)

LaTeX Warning: Unused global option(s):
    [14pt].

No file samplepaper.aux.
\openout1 = `samplepaper.aux'.

LaTeX Font Info:    Checking defaults for OML/cmm/m/it on input line 40.
LaTeX Font Info:    ... okay on input line 40.
LaTeX Font Info:    Checking defaults for OMS/cmsy/m/n on input line 40.
LaTeX Font Info:    ... okay on input line 40.
LaTeX Font Info:    Checking defaults for OT1/cmr/m/n on input line 40.
LaTeX Font Info:    ... okay on input line 40.
LaTeX Font Info:    Checking defaults for T1/cmr/m/n on input line 40.
LaTeX Font Info:    ... okay on input line 40.
LaTeX Font Info:    Checking defaults for TS1/cmr/m/n on input line 40.
LaTeX Font Info:    ... okay on input line 40.
LaTeX Font Info:    Checking defaults for OMX/cmex/m/n on input line 40.
LaTeX Font Info:    ... okay on input line 40.
LaTeX Font Info:    Checking defaults for U/cmr/m/n on input line 40.
LaTeX Font Info:    ... okay on input line 40.
*geometry* driver: auto-detecting
*geometry* detected driver: pdftex
*geometry* verbose mode - [ preamble ] result:
* driver: pdftex
* paper: <default>
* layout: <same size as paper>
* layoutoffset:(h,v)=(0.0pt,0.0pt)
* modes: twoside 
* h-part:(L,W,R)=(71.13188pt, 472.03123pt, 71.13188pt)
* v-part:(T,H,B)=(71.13188pt, 652.70622pt, 71.13188pt)
* \paperwidth=614.295pt
* \paperheight=794.96999pt
* \textwidth=472.03123pt
* \textheight=652.70622pt
* \oddsidemargin=-1.1381pt
* \evensidemargin=-1.1381pt
* \topmargin=-29.1381pt
* \headheight=12.0pt
* \headsep=16.0pt
* \topskip=10.0pt
* \footskip=30.0pt
* \marginparwidth=90.0pt
* \marginparsep=11.0pt
* \columnsep=10.0pt
* \skip\footins=9.0pt plus 4.0pt minus 2.0pt
* \hoffset=0.0pt
* \voffset=0.0pt
* \mag=1000
* \@twocolumnfalse
* \@twosidetrue
* \@mparswitchtrue
* \@reversemarginfalse
* (1in=72.27pt=25.4mm, 1cm=28.453pt)

(D:\Applications\MiKTeX\tex/context/base/mkii\supp-pdf.mkii
[Loading MPS to PDF converter (version 2006.09.02).]
\scratchcounter=\count311
\scratchdimen=\dimen182
\scratchbox=\box102
\nofMPsegments=\count312
\nofMParguments=\count313
\everyMPshowfont=\toks31
\MPscratchCnt=\count314
\MPscratchDim=\dimen183
\MPnumerator=\count315
\makeMPintoPDFobject=\count316
\everyMPtoPDFconversion=\toks32
) (D:\Applications\MiKTeX\tex/latex/epstopdf-pkg\epstopdf-base.sty
Package: epstopdf-base 2020-01-24 v2.11 Base part for package epstopdf
Package epstopdf-base Info: Redefining graphics rule for `.eps' on input line 4
85.

(D:\Applications\MiKTeX\tex/latex/00miktex\epstopdf-sys.cfg
File: epstopdf-sys.cfg 2021/03/18 v2.0 Configuration of epstopdf for MiKTeX
))
LaTeX Font Info:    Trying to load font information for OT1+lmr on input line 6
3.

(D:\Applications\MiKTeX\tex/latex/lm\ot1lmr.fd
File: ot1lmr.fd 2015/05/01 v1.6.1 Font defs for Latin Modern
)
LaTeX Font Info:    Trying to load font information for OML+lmm on input line 6
3.

(D:\Applications\MiKTeX\tex/latex/lm\omllmm.fd
File: omllmm.fd 2015/05/01 v1.6.1 Font defs for Latin Modern
)
LaTeX Font Info:    Trying to load font information for OMS+lmsy on input line 
63.

(D:\Applications\MiKTeX\tex/latex/lm\omslmsy.fd
File: omslmsy.fd 2015/05/01 v1.6.1 Font defs for Latin Modern
)
LaTeX Font Info:    Trying to load font information for OMX+lmex on input line 
63.

(D:\Applications\MiKTeX\tex/latex/lm\omxlmex.fd
File: omxlmex.fd 2015/05/01 v1.6.1 Font defs for Latin Modern
)
LaTeX Font Info:    External font `lmex10' loaded for size
(Font)              <10> on input line 63.
LaTeX Font Info:    External font `lmex10' loaded for size
(Font)              <7> on input line 63.
LaTeX Font Info:    External font `lmex10' loaded for size
(Font)              <5> on input line 63.
LaTeX Font Info:    Trying to load font information for U+msa on input line 63.


(D:\Applications\MiKTeX\tex/latex/amsfonts\umsa.fd
File: umsa.fd 2013/01/14 v3.01 AMS symbols A
)
LaTeX Font Info:    Trying to load font information for U+msb on input line 63.


(D:\Applications\MiKTeX\tex/latex/amsfonts\umsb.fd
File: umsb.fd 2013/01/14 v3.01 AMS symbols B
)
LaTeX Font Info:    External font `lmex10' loaded for size
(Font)              <9> on input line 63.
LaTeX Font Info:    External font `lmex10' loaded for size
(Font)              <6> on input line 63.
LaTeX Font Info:    Trying to load font information for T1+lmtt on input line 6
3.

(D:\Applications\MiKTeX\tex/latex/lm\t1lmtt.fd
File: t1lmtt.fd 2015/05/01 v1.6.1 Font defs for Latin Modern
)
LaTeX Font Info:    Trying to load font information for TS1+lmr on input line 6
9.

(D:\Applications\MiKTeX\tex/latex/lm\ts1lmr.fd
File: ts1lmr.fd 2015/05/01 v1.6.1 Font defs for Latin Modern
)

LaTeX Warning: Citation `vinyals2015show' on page 1 undefined on input line 77.



LaTeX Warning: Citation `anderson2018bottom' on page 1 undefined on input line 
77.


LaTeX Warning: Citation `xu2015show' on page 1 undefined on input line 77.


LaTeX Warning: Citation `anderson2018bottom' on page 1 undefined on input line 
77.


LaTeX Warning: Citation `li2022blip' on page 1 undefined on input line 78.


LaTeX Warning: Citation `alayrac2022flamingo' on page 1 undefined on input line
 78.


LaTeX Warning: Citation `marino2017ok' on page 1 undefined on input line 79.


LaTeX Warning: Citation `wu2017image' on page 1 undefined on input line 79.


LaTeX Warning: Citation `yao2018exploring' on page 1 undefined on input line 79
.


LaTeX Warning: Citation `li2022oscar' on page 1 undefined on input line 79.


LaTeX Warning: Citation `zhao2021knowledge' on page 1 undefined on input line 7
9.


LaTeX Warning: Citation `vinyals2015show' on page 1 undefined on input line 88.



LaTeX Warning: Citation `anderson2018bottom' on page 1 undefined on input line 
88.

[1

{C:/Users/LENOVO/AppData/Local/MiKTeX/fonts/map/pdftex/pdftex.map}{D:/Applicati
ons/MiKTeX/fonts/enc/dvips/lm/lm-ec.enc}{D:/Applications/MiKTeX/fonts/enc/dvips
/lm/lm-rm.enc}{D:/Applications/MiKTeX/fonts/enc/dvips/lm/lm-mathit.enc}{D:/Appl
ications/MiKTeX/fonts/enc/dvips/lm/lm-mathsy.enc}{D:/Applications/MiKTeX/fonts/
enc/dvips/lm/lm-ts1.enc}]

LaTeX Warning: Citation `xu2015show' on page 2 undefined on input line 92.


LaTeX Warning: Citation `anderson2018bottom' on page 2 undefined on input line 
92.


LaTeX Warning: Citation `redmon2016you' on page 2 undefined on input line 92.


LaTeX Warning: Citation `bochkovskiy2020yolov4' on page 2 undefined on input li
ne 92.


LaTeX Warning: Citation `YOLOv7_ref' on page 2 undefined on input line 92.


LaTeX Warning: Citation `YOLO_family_ref' on page 2 undefined on input line 92.



LaTeX Warning: Citation `SceneGraphRef' on page 2 undefined on input line 96.


LaTeX Warning: Citation `yao2018exploring' on page 2 undefined on input line 96
.


LaTeX Warning: Citation `zhong2020comprehensive' on page 2 undefined on input l
ine 96.


LaTeX Warning: Citation `krishna2017visual' on page 2 undefined on input line 1
00.


LaTeX Warning: Citation `young2014image' on page 2 undefined on input line 100.



LaTeX Warning: Citation `KGforVQARef' on page 2 undefined on input line 102.


LaTeX Warning: Citation `marino2017ok' on page 2 undefined on input line 102.


LaTeX Warning: Citation `EntityLinkingRef' on page 2 undefined on input line 10
2.


LaTeX Warning: Citation `KnowledgeBasedCaptioningRef' on page 2 undefined on in
put line 102.


LaTeX Warning: Citation `zhao2021knowledge' on page 2 undefined on input line 1
02.


LaTeX Warning: Citation `wu2017image' on page 2 undefined on input line 104.


LaTeX Warning: Citation `vinyals2015show' on page 2 undefined on input line 108
.


LaTeX Warning: Citation `karpathy2015deep' on page 2 undefined on input line 10
8.


LaTeX Warning: Citation `xu2015show' on page 2 undefined on input line 108.


LaTeX Warning: Citation `anderson2018bottom' on page 2 undefined on input line 
108.


LaTeX Warning: Citation `li2019entangled' on page 2 undefined on input line 110
.


LaTeX Warning: Citation `cornia2020meshed' on page 2 undefined on input line 11
0.


LaTeX Warning: Citation `raffel2020exploring' on page 2 undefined on input line
 110.


LaTeX Warning: Citation `vinyals2015show' on page 2 undefined on input line 119
.


LaTeX Warning: Citation `xu2015show' on page 2 undefined on input line 119.


LaTeX Warning: Citation `marino2017ok' on page 2 undefined on input line 121.


LaTeX Warning: Citation `zhao2021knowledge' on page 2 undefined on input line 1
21.

[2]

LaTeX Warning: Citation `krishna2017visual' on page 3 undefined on input line 1
31.


LaTeX Warning: Citation `young2014image' on page 3 undefined on input line 131.



LaTeX Warning: Citation `yang2024depth' on page 3 undefined on input line 156.


LaTeX Warning: Citation `gillies2007shapely' on page 3 undefined on input line 
162.

[3]

LaTeX Warning: Citation `raffel2020exploring' on page 4 undefined on input line
 191.

[4{D:/Applications/MiKTeX/fonts/enc/dvips/lm/lm-mathex.enc}]

pdfTeX warning: pdflatex.exe (file ./figures/System1.pdf): PDF inclusion: found
 PDF version <1.7>, but at most version <1.5> allowed
<figures/System1.pdf, id=32, 864.1083pt x 449.76028pt>
File: figures/System1.pdf Graphic file (type pdf)
<use figures/System1.pdf>
Package pdftex.def Info: figures/System1.pdf  used on input line 275.
(pdftex.def)             Requested size: 472.03123pt x 245.68753pt.

LaTeX Warning: `!h' float specifier changed to `!ht'.

[5]

LaTeX Warning: Reference `fig:stage2_architecture' on page 6 undefined on input
 line 308.



pdfTeX warning: pdflatex.exe (file ./figures/System2.pdf): PDF inclusion: found
 PDF version <1.7>, but at most version <1.5> allowed
<figures/System2.pdf, id=38, 760.76218pt x 314.13359pt>
File: figures/System2.pdf Graphic file (type pdf)
<use figures/System2.pdf>
Package pdftex.def Info: figures/System2.pdf  used on input line 312.
(pdftex.def)             Requested size: 424.82523pt x 175.41989pt.

LaTeX Warning: `!h' float specifier changed to `!ht'.

[6 <./figures/System1.pdf>]

LaTeX Warning: Reference `fig:stage2_architecture' on page 7 undefined on input
 line 337.

[7 <./figures/System2.pdf>]

LaTeX Warning: Reference `fig:stage3_architecture' on page 8 undefined on input
 line 351.

<figures/System3_horizontal.pdf, id=78, 1004.553pt x 354.12299pt>
File: figures/System3_horizontal.pdf Graphic file (type pdf)
<use figures/System3_horizontal.pdf>
Package pdftex.def Info: figures/System3_horizontal.pdf  used on input line 355
.
(pdftex.def)             Requested size: 472.03123pt x 166.4pt.

LaTeX Warning: Citation `raffel2020exploring' on page 8 undefined on input line
 362.

[8 <./figures/System3_horizontal.pdf>]

LaTeX Warning: Citation `lin2014microsoft' on page 9 undefined on input line 41
8.


Overfull \hbox (2.52611pt too wide) in paragraph at lines 443--444
[]\T1/lmr/m/n/10 where $[]\OT1/lmr/m/n/10 (\OML/lmm/m/it/10 Y\OT1/lmr/m/n/10 )$
 \T1/lmr/m/n/10 mea-sures the con-sis-tency be-tween gen-er-ated spa-tial terms
 and $\OMS/lmsy/m/n/10 P[]$\T1/lmr/m/n/10 , and $[]\OT1/lmr/m/n/10 (\OML/lmm/m/
it/10 Y\OT1/lmr/m/n/10 )$
 []

[9]

LaTeX Warning: Reference `fig:qualitative' on page 10 undefined on input line 4
71.

<figures/System1.png, id=217, 2055.68pt x 1103.12125pt>
File: figures/System1.png Graphic file (type png)
<use figures/System1.png>
Package pdftex.def Info: figures/System1.png  used on input line 479.
(pdftex.def)             Requested size: 472.03123pt x 253.29175pt.

LaTeX Warning: `h' float specifier changed to `ht'.


LaTeX Warning: `h' float specifier changed to `ht'.


LaTeX Warning: `h' float specifier changed to `ht'.


LaTeX Warning: Reference `fig:loss' on page 10 undefined on input line 534.

File: figures/System1.png Graphic file (type png)
<use figures/System1.png>
Package pdftex.def Info: figures/System1.png  used on input line 539.
(pdftex.def)             Requested size: 377.62642pt x 202.6435pt.
[10]

LaTeX Warning: `h' float specifier changed to `ht'.

No file samplepaper.bbl.
[11 <./figures/System1.png>] [12] (samplepaper.aux)
 ***********
LaTeX2e <2023-11-01> patch level 1
L3 programming layer <2024-01-04>
 ***********


LaTeX Warning: There were undefined references.


LaTeX Warning: Label(s) may have changed. Rerun to get cross-references right.

 ) 
Here is how much of TeX's memory you used:
 5846 strings out of 474486
 89008 string characters out of 5754070
 1941542 words of memory out of 5000000
 28007 multiletter control sequences out of 15000+600000
 630747 words of font info for 83 fonts, out of 8000000 for 9000
 1141 hyphenation exceptions out of 8191
 108i,8n,107p,841b,288s stack positions out of 10000i,1000n,20000p,200000b,200000s
<D:/Applications/MiKTeX/fonts/type1/public/lm/lmbx10.pfb><D:/Applications/MiK
TeX/fonts/type1/public/lm/lmbx12.pfb><D:/Applications/MiKTeX/fonts/type1/public
/lm/lmbx7.pfb><D:/Applications/MiKTeX/fonts/type1/public/lm/lmbx9.pfb><D:/Appli
cations/MiKTeX/fonts/type1/public/lm/lmex10.pfb><D:/Applications/MiKTeX/fonts/t
ype1/public/lm/lmmi10.pfb><D:/Applications/MiKTeX/fonts/type1/public/lm/lmmi6.p
fb><D:/Applications/MiKTeX/fonts/type1/public/lm/lmmi7.pfb><D:/Applications/MiK
TeX/fonts/type1/public/lm/lmr10.pfb><D:/Applications/MiKTeX/fonts/type1/public/
lm/lmr5.pfb><D:/Applications/MiKTeX/fonts/type1/public/lm/lmr6.pfb><D:/Applicat
ions/MiKTeX/fonts/type1/public/lm/lmr7.pfb><D:/Applications/MiKTeX/fonts/type1/
public/lm/lmr9.pfb><D:/Applications/MiKTeX/fonts/type1/public/lm/lmsy10.pfb><D:
/Applications/MiKTeX/fonts/type1/public/lm/lmsy6.pfb><D:/Applications/MiKTeX/fo
nts/type1/public/lm/lmsy7.pfb><D:/Applications/MiKTeX/fonts/type1/public/lm/lmt
t10.pfb><D:/Applications/MiKTeX/fonts/type1/public/lm/lmtt9.pfb><D:/Application
s/MiKTeX/fonts/type1/public/amsfonts/symbols/msbm10.pfb>
Output written on samplepaper.pdf (12 pages, 7911683 bytes).
PDF statistics:
 323 PDF objects out of 1000 (max. 8388607)
 0 named destinations out of 1000 (max. 500000)
 21 words of extra memory for PDF output out of 10000 (max. 10000000)

